// Jest Snapshot v1, https://goo.gl/fbAQLP

exports[`Pruebas en el <Login /> Debe de mostrar el componente <Login /> correctamente 1`] = `
<div
  className="container-login"
>
  <img
    alt="logo app foodpad"
    className="logo-login"
    src="logo.png"
  />
  <img
    alt="cooking"
    className="cook"
    src="cooking.png"
  />
  <h3
    className="slogan"
  >
    Manage, organize and save your favorite recipes.
  </h3>
  <div
    className="container"
  >
    <div
      className="container-form"
    >
      <form
        onSubmit={[Function]}
      >
        <div
          className="div-input"
        >
          <label
            className="inputs"
          >
            <span
              className="span-email"
            >
              Email
            </span>
            <input
              className="input-email"
              onBlur={[Function]}
              onChange={[Function]}
              onFocus={[Function]}
              type="email"
              value=""
            />
          </label>
          <label
            className="inputs"
          >
            <span
              className="span-email"
            >
              Password
            </span>
            <input
              className="input-email"
              onBlur={[Function]}
              onChange={[Function]}
              onFocus={[Function]}
              type="password"
              value=""
            />
          </label>
        </div>
        <button
          className="btn-login"
          type="submit"
        >
          Log In
        </button>
        <button
          className="btn-new"
          onClick={[Function]}
          type="button"
        >
          New account
        </button>
      </form>
    </div>
  </div>
  <img
    alt="vector"
    className="vector"
    src="vector.png"
  />
</div>
`;
